// Jest Snapshot v1, https://goo.gl/fbAQLP

exports[`<App/> render app component structure 1`] = `
<div
  className="todoapp"
>
  <h1
    className="title"
  >
    Todos
  </h1>
  <div
    className="main"
  >
    <Connect(AddTodoView) />
    <Connect(TodoList) />
  </div>
  <Footer />
</div>
`;

exports[`shallow render App component render app component structure 1`] = `
<div
  className="todoapp"
>
  <h1
    className="title"
  >
    Todos
  </h1>
  <div
    className="main"
  >
    <Connect(AddTodoView) />
    <Connect(TodoList) />
  </div>
  <Footer />
</div>
`;
