// Jest Snapshot v1, https://goo.gl/fbAQLP

exports[`shallow render TodoList component render TodoList 1`] = `
<ul
  className="todo-list"
>
  <Connect(Todo)
    completed={false}
    id={1}
    key="1"
    text="I am a test Todo"
  />
</ul>
`;
